pytest : C:\Users\MercurixOxide\Ap
pData\Local\Programs\Python\Python
313\Lib\site-packages\_pytest\conf
ig\__init__.py:331: 
PluggyTeardownRaisedWarning: A 
plugin raised an exception during 
an old-style hookwrapper teardown.
At line:1 char:1
+ pytest tests/test_core.py -v > 
test_output.txt 2>&1
+ ~~~~~~~~~~~~~~~~~~~~~~~~~~~~~~~~
~~~~~~~~~~~~~~~~~~~
    + CategoryInfo          : Not 
   Specified: (C:\Users\Mercur..  
  .apper teardown.:String) [],    
 RemoteException
    + FullyQualifiedErrorId : Nat 
   iveCommandError
 
Plugin: helpconfig, Hook: 
pytest_cmdline_parse
ImportError: cannot import name 
'FixtureDef' from 'pytest' (C:\Use
rs\MercurixOxide\AppData\Local\Pro
grams\Python\Python313\Lib\site-pa
ckages\pytest\__init__.py)
For more information see https://p
luggy.readthedocs.io/en/stable/api
_reference.html#pluggy.PluggyTeard
ownRaisedWarning
  config = pluginmanager.hook.pyte
st_cmdline_parse(
Traceback (most recent call last):
  File "<frozen runpy>", line 
198, in _run_module_as_main
  File "<frozen runpy>", line 88, 
in _run_code
  File "C:\Users\MercurixOxide\App
Data\Local\Programs\Python\Python3
13\Scripts\pytest.exe\__main__.py"
, line 6, in <module>
    sys.exit(console_main())
             ~~~~~~~~~~~~^^
  File "C:\Users\MercurixOxide\App
Data\Local\Programs\Python\Python3
13\Lib\site-packages\_pytest\confi
g\__init__.py", line 192, in 
console_main
    code = main()
  File "C:\Users\MercurixOxide\App
Data\Local\Programs\Python\Python3
13\Lib\site-packages\_pytest\confi
g\__init__.py", line 150, in main
    config = _prepareconfig(args, 
plugins)
  File "C:\Users\MercurixOxide\App
Data\Local\Programs\Python\Python3
13\Lib\site-packages\_pytest\confi
g\__init__.py", line 331, in 
_prepareconfig
    config = pluginmanager.hook.py
test_cmdline_parse(
        
pluginmanager=pluginmanager, 
args=args
    )
  File "C:\Users\MercurixOxide\App
Data\Local\Programs\Python\Python3
13\Lib\site-packages\pluggy\_hooks
.py", line 512, in __call__
    return 
self._hookexec(self.name, 
self._hookimpls.copy(), kwargs, 
firstresult)
           ~~~~~~~~~~~~~~^^^^^^^^^
^^^^^^^^^^^^^^^^^^^^^^^^^^^^^^^^^^
^^^^^^^^^^^^^
  File "C:\Users\MercurixOxide\App
Data\Local\Programs\Python\Python3
13\Lib\site-packages\pluggy\_manag
er.py", line 120, in _hookexec
    return 
self._inner_hookexec(hook_name, 
methods, kwargs, firstresult)
           ~~~~~~~~~~~~~~~~~~~~^^^
^^^^^^^^^^^^^^^^^^^^^^^^^^^^^^^^^^
^^^^
  File "C:\Users\MercurixOxide\App
Data\Local\Programs\Python\Python3
13\Lib\site-packages\pluggy\_calle
rs.py", line 167, in _multicall
    raise exception
  File "C:\Users\MercurixOxide\App
Data\Local\Programs\Python\Python3
13\Lib\site-packages\pluggy\_calle
rs.py", line 139, in _multicall
    teardown.throw(exception)
    ~~~~~~~~~~~~~~^^^^^^^^^^^
  File "C:\Users\MercurixOxide\App
Data\Local\Programs\Python\Python3
13\Lib\site-packages\pluggy\_calle
rs.py", line 43, in 
run_old_style_hookwrapper
    teardown.send(result)
    ~~~~~~~~~~~~~^^^^^^^^
  File "C:\Users\MercurixOxide\App
Data\Local\Programs\Python\Python3
13\Lib\site-packages\_pytest\helpc
onfig.py", line 104, in 
pytest_cmdline_parse
    config: Config = 
outcome.get_result()
                     
~~~~~~~~~~~~~~~~~~^^
  File "C:\Users\MercurixOxide\App
Data\Local\Programs\Python\Python3
13\Lib\site-packages\pluggy\_resul
t.py", line 103, in get_result
    raise exc.with_traceback(tb)
  File "C:\Users\MercurixOxide\App
Data\Local\Programs\Python\Python3
13\Lib\site-packages\pluggy\_calle
rs.py", line 38, in 
run_old_style_hookwrapper
    res = yield
          ^^^^^
  File "C:\Users\MercurixOxide\App
Data\Local\Programs\Python\Python3
13\Lib\site-packages\pluggy\_calle
rs.py", line 121, in _multicall
    res = 
hook_impl.function(*args)
  File "C:\Users\MercurixOxide\App
Data\Local\Programs\Python\Python3
13\Lib\site-packages\_pytest\confi
g\__init__.py", line 1075, in 
pytest_cmdline_parse
    self.parse(args)
    ~~~~~~~~~~^^^^^^
  File "C:\Users\MercurixOxide\App
Data\Local\Programs\Python\Python3
13\Lib\site-packages\_pytest\confi
g\__init__.py", line 1425, in 
parse
    self._preparse(args, 
addopts=addopts)
    ~~~~~~~~~~~~~~^^^^^^^^^^^^^^^^
^^^^^^^
  File "C:\Users\MercurixOxide\App
Data\Local\Programs\Python\Python3
13\Lib\site-packages\_pytest\confi
g\__init__.py", line 1305, in 
_preparse
    self.pluginmanager.load_setupt
ools_entrypoints("pytest11")
    ~~~~~~~~~~~~~~~~~~~~~~~~~~~~~~
~~~~~~~~~~~~~~~~^^^^^^^^^^^^
  File "C:\Users\MercurixOxide\App
Data\Local\Programs\Python\Python3
13\Lib\site-packages\pluggy\_manag
er.py", line 416, in 
load_setuptools_entrypoints
    plugin = ep.load()
  File "C:\Users\MercurixOxide\App
Data\Local\Programs\Python\Python3
13\Lib\importlib\metadata\__init__
.py", line 179, in load
    module = import_module(match.g
roup('module'))
  File "C:\Users\MercurixOxide\App
Data\Local\Programs\Python\Python3
13\Lib\importlib\__init__.py", 
line 88, in import_module
    return _bootstrap._gcd_import(
name[level:], package, level)
           ~~~~~~~~~~~~~~~~~~~~~~^
^^^^^^^^^^^^^^^^^^^^^^^^^^^^^
  File "<frozen 
importlib._bootstrap>", line 
1387, in _gcd_import
  File "<frozen 
importlib._bootstrap>", line 
1360, in _find_and_load
  File "<frozen 
importlib._bootstrap>", line 
1310, in _find_and_load_unlocked
  File "<frozen 
importlib._bootstrap>", line 488, 
in _call_with_frames_removed
  File "<frozen 
importlib._bootstrap>", line 
1387, in _gcd_import
  File "<frozen 
importlib._bootstrap>", line 
1360, in _find_and_load
  File "<frozen 
importlib._bootstrap>", line 
1331, in _find_and_load_unlocked
  File "<frozen 
importlib._bootstrap>", line 935, 
in _load_unlocked
  File "C:\Users\MercurixOxide\App
Data\Local\Programs\Python\Python3
13\Lib\site-packages\_pytest\asser
tion\rewrite.py", line 186, in 
exec_module
    exec(co, module.__dict__)
    ~~~~^^^^^^^^^^^^^^^^^^^^^
  File "C:\Users\MercurixOxide\App
Data\Local\Programs\Python\Python3
13\Lib\site-packages\pytest_asynci
o\__init__.py", line 7, in 
<module>
    from .plugin import fixture, 
is_async_test
  File "C:\Users\MercurixOxide\App
Data\Local\Programs\Python\Python3
13\Lib\site-packages\_pytest\asser
tion\rewrite.py", line 186, in 
exec_module
    exec(co, module.__dict__)
    ~~~~^^^^^^^^^^^^^^^^^^^^^
  File "C:\Users\MercurixOxide\App
Data\Local\Programs\Python\Python3
13\Lib\site-packages\pytest_asynci
o\plugin.py", line 38, in <module>
    from pytest import (
    ...<11 lines>...
    )
ImportError: cannot import name 
'FixtureDef' from 'pytest' (C:\Use
rs\MercurixOxide\AppData\Local\Pro
grams\Python\Python313\Lib\site-pa
ckages\pytest\__init__.py)
